192.168.31.1
http://192.168.31.1/cgi-bin/luci
http://192.168.31.1/cgi-bin/luci/api/misystem/router_info